[    .00000Intiaizg group subsys cpuset
[    0.000] nitiazig group subsycp
[    0.00000] Iniiaizing group subsys cpact
[   0.000000]inx vsi 4.4.0-38-generic (buildd@lgw01-58) (gcc version 5.4.0 20160609 (Ubuntu 5.4.0-6ubuntu1~16.04.2) ) #57-Ubuntu SMP Tue Sep 6 15:42:33 UTC 2016 (Ubuntu 4.4.0-38.57-generic 4.4.19)
[    0.000000] Command line: BOOT_IMAGE=/boot/vmlinuz-4.4.0-38-generic root=LABEL=cloudimg-rootfsrocoole=tty1onole=ttyS0
[    0.0000] KERNEL supported cpus:
[    0.000000]   Intel GenuineIntel
[    0.000000]   AMD AuthenticAMD
[    0.000000]   Centaur CentaurHauls
[    0.000000] x86/fpu: xstate_offset[2]:  576, xstate_sizes[2]:  256
[    0.000000] x86fpu: Supprtg SAVE feature 0x01: 'x87 floating point registers'
[    0.000000] x86/fpu: Supporting XSAVE feature 0x02: 'SSE registers'
[    0.000000] x86/fpu: Supporting XSAVE feature 0x04: 'AVX register'    0.00000]86fpu: Enabedstte feurs 0x7, contexsi is 83 bes usg tandd'ormat.
[    0.000] 86/fu:Usg 'lzy' FPU context switches.
[    0.000000] e820: BIOS-provided physical RAM map:
[    0.000000] BIOS-e820: [mem 0x0000000000000000-0x000000000009ff]usabe    0.000] BIOS-e820: [mm 0x000000000009f00-00000000009fff] rered
[    0.000000] BIOS-e820: [mem 0x00000000000f0000-0x00000000000fffff] reserved
[    0.000000] BIOS-e820: [mem 0x0000000000100000-0x000000003ffeffff] usable
[    0.000000] BIOS-e820: [mem 0x000000003fff0000-0x000000003fffffff] ACPI data
[    0.000000] BIOS-e820: [mem 0x00000000fffc0000-0x00000000ffffffff] reserved
[    0.000000] NX (Execute Disable) protection: active
[    0.000000] SMBIOS 2.5 present.
[    0.000000] Hypervisor detected: KVM
[    0.000000] e820: last_pfn = 0x3fff0 max_arch_pfn = 0x400000000
[    0.000000] MTRR: Disabled
[    0.000000] x86/PAT: MTRs saled,skpig PAinializatin o.
[    0.000000] x86/PAT: Configuration [0-7]: WB  WT  UC- UC  WB  WT  UC- UC  
[    0.000000] CPU MTRRs all blank - virtualized system.
[    0.000000] found SMP MP-table at [mem 0x0009fff0-0x0009ffff] mapped at [ffff88000009fff0]
[    0.000000] Scanning 1 areas for low memory corruption
[    0.000000] RAMDISK: [mem 0x36fda000-0x377e4fff]
[    0.000000] ACPI: Early table checksum verification disabled
[    0.000000] ACPI: RSDP 0x00000000000E0000 002(v02VB  
[    0.000000] ACPI: XSDT 0x000000003FFF0030 00003C (v01 VBOX   VBOXXSDT 00000001 ASL  00000061)
[    0.000000] ACPI: FACP 0x000000003FFF00F0 0000F4 (v04 VBOX   VBOXFACP 00000001 ASL  00000061)
[    0.000000] ACP DT 0x00000FFF0470 001E0B (v01 VBOX   VBOXBIOS 00000002 INTL 20100528)
[    0.000000] ACPI: FACS 0x000000003FFF0200 000040
[    0.000000] ACPI: FACS 0x000000003FFF0200 000040
[    0.000000] ACPI: APIC 0x000000003FFF0240 00005C (v02 VBOX   VBOXAPIC 00000001 ASL  00000061)
[    0.000000] ACPI: SSDT 0x000000003FFF02A0 0001CC (v01 VBOX   VBOXCPUT 00000002 INTL 20100528)
[    0000] No NUMA configuration found
[    0.000000] Faking a node at [mem 0x0000000000000000-0x000000003ffeffff]
[    0.000000] NODE_DATA(0) allocated [mem 0x3ffeb000-0x3ffeffff]
[  0.0000kv-clock: Using msrs 4b564d01 and 4640
[   00000] kvm-oc cpu 0, msr 0:3ffe7001, pma cpu clock
[  0000000] kvm-clock: using sched offset of 2960542220 cycles
[    0.000000] clocksource: kvm-clock: mask: 0xffffffffffffffff max_cycles: 0x1cd42e4dffb, max_idle_ns: 881590591483 ns
[    0.000000] Zone ranges:
[    0.000000]   DMA      [mem 0x0000000000001000-0x0000000000ffffff]
[    0.000000]   DMA32    [mem 0x0000000001000000-0x000000003ffeffff]
[    0.000000]   Normal   empty
[    0.000000]   Device   empty
  0.000000] Movable zone start for each node
[    0.000000] Early memory noderanges
[   00000]  de   : em0x000000001000-0x000000000009efff]
[   00000]  no  0: [mem 000000000010000-0x000000003ffeffff]
[    0.000000 Itmem setup node 0 [mem 0x0000000000001000-0x000000003ffeffff]
[    0.000000] ACPI: PM-Timer IO Port: 0x4008
[    0.000000] IOAPIC[0]: apic_id 2, version 17, address 0xfec00000, GSI 0-23
[    0.000000] ACPI: INT_SRC_OVR (bus 0 bus_irq 0 global_irq 2 dfl dfl)
[    0.000000] ACPI: INT_SRC_OVR (bus 0 s_q 9 global_irq 9 high level)
[    0.000000] Using ACPI (MADT)foSM cnfurtio iorati
   0.000]smpboot: Allowing 2 CPUs, 0 hotplug CPUs
[    0.000000] PM: Registered nosave memory: [mem 0x00000000-0x00000fff]
[    0.000000] PM: Registered nosave memory: [mem 0x0009f000-0x0009ffff]
[    0.000000] PM: Registered nosave memory: [mem 0x000a0000-0x000effff]
[    0.000000] PM:Resterednosave memory: [mem 0x000f0000-0x000fffff]
[    0.000000] e820: [mem 0x40000000-0xfffbffff] availblfor PCIevces
[    .000] Bti paravirtualized kernel on KVM
[    0.000000] clocksource: refined-jffes mask: 0xffffffff axycles: 0xffff, maxidle_ns: 764551960021156 n
[    0000] stup_prcu: NRCP:26 r_umsk_bits:256 nr_cpu_ids:2 nr_node_ids:1
[    0.000000] PERCPU: Embedded 33 pages/cpu @ffff88003fc00000 s98008 r8192 d28968 u1048576
[    0.000000] PV qspinlock hash table entes256 (order: 0, 4096 bytes)
[    0.000000] Built 1 zonelists in Node order, mobility groupingn.Total pages: 257913
[    0.000000] Policy zone: DMA32
[    0.000000] Kernel command line: BOOT_IMAGE=/boot/vmlinuz-4.4.0-38-generic root=LABEL=cloudimg-rootfs ro console=tty1 console=ttyS0
[    0.000000] PID hash table entries: 4096 (order: 3, 32768 bytes)
[    0.000000] Memory: 1004400K/1048120K available (8404K kernel code, 1283K rwdata, 94 rdata, 10Knit, 1292K bss, 43720K reserved, 0K cma-reserved)
[    0.000000] SLUB: HWalign=64, Order=0-3, MinObjects=0, CPUs=2, Nodes=1
[    0.000000] Hierarchical RCU implementation.
[  0.000 	Build-time adjustment of leaf fanouto4.
[    0.000000] 	RCU restricting PUfrm NR_CPUS=256 to nr_cpid2.
[  0.000000] RCU: Adjusting geometry for rcu_fanout_leaf=64, nr_cpu_ids=2
[    0.000000] NR_IRQS:16640 nr_irqs:440 16
[    0.00000] onse: colour VGA+ 80x25
[    0.000000] console [tty1] enabled
[    0.000000] console [ttyS0]enbled
[   000000] tsc: Detected 3099.998 MHz processor
[    4.813418] Calibraing delay loop (skipped) preset value.. 6199.99 BogoMIPS (lpj=12399992)
[    4.827804] pid_max: default: 32768 minimum: 301
[    4.829359] ACPI: Core revision 20150930
[    4.834579] ACPI: 2 ACPI AML tables successfully acquired and loaded
[    4.836521] Security Framework initialized
[    4.844733] Yama: becoming mindful.
[    4.846907] AppArmor: AppArmor initialized
[    4.848188] Dentry cache hash table entries: 131072 (order: 8, 1048576 bytes)
[    4.864345] Inode-cache hash table entries: 65536 (order: 7, 524288 bytes)
[    4.929082] Mount-cache hash table entries: 2048 (order: 2, 16384 bytes)
[    4.955251] Mountpoint-cache hash table entries: 2048 (order: 2, 16384 bytes)
[    4.995258] Initializing cgroup subsys io
[    5.032720] Initializing cgroup subsys memory
[    5.059074] Initializing cgroup subsys devices
[    5.068380] Initializing cgroup subsys freezer
[    5.069634] Initializing cgroup subsys net_cls
[    5.080233] Initializing cgroup subsys perf_event
[    5.081279] Initializing cgroup subsys net_prio
[    5.106567] Initializing cgroup subsys hugetlb
[    5.163300] Initializing cgroup subsys pids
[    5.194275] CPU: Physical Processor ID: 0
[    5.248417] CPU: Processor Core ID: 0
[    5.250105] mce: CPU supports 0 MCE banks
[    5.259688] Last level iTLB entries: 4KB 64, 2MB 8, 4MB 8
[    5.272088] Last level dTLB entries: 4KB 64, 2MB 0, 4MB 0, 1GB 4
[    5.308125] Freeing SMP alternatives memory: 32K (ffffffff820b4000 - ffffffff820bc000)
[    5.370405] ftrace: allocating 32006 entries in 126 pages
[    5.463937] smpboot: Max logical packages: 1
[    5.526295] smpboot: APIC(0) Converting physical 0 to logical package 0
[    5.600439] ..TIMER: vector=0x30 apic1=0 pin1=2 apic2=-1 pin2=-1
[    5.714954] smpboot: CPU0: Intel(R) Core(TM) i7-5557U CPU @ 3.10GHz (family: 0x6, model: 0x3d, stepping: 0x4)
[    5.835634] Performance Events: unsupported p6 CPU model 61 no PMU driver, software events only.
[    5.951666] KVM setup paravirtual spinlock
[    5.953227] x86: Booting SMP configuration:
[    5.972324] .... node  #0, CPUs:      #1
[    5.976638] kvm-clock: cpu 1, msr 0:3ffe7041, secondary cpu clock
[    6.011803] mce: CPU supports 0 MCE banks
[    6.040047] x86: Booted up 1 node, 2 CPUs
[    6.045126] smpboot: Total of 2 processors activated (12399.99 BogoMIPS)
[    6.058150] devtmpfs: initialized
[    6.064644] evm: security.selinux
[    6.068213] evm: security.SMACK64
[    6.072218] evm: security.SMACK64EXEC
[    6.075527] evm: security.SMACK64TRANSMUTE
[    6.084032] evm: security.SMACK64MMAP
[    6.117069] evm: security.ima
[    6.130025] evm: security.capability
[    6.131149] clocksource: jiffies: mask: 0xffffffff max_cycles: 0xffffffff, max_idle_ns: 7645041785100000 ns
[    6.165292] pinctrl core: initialized pinctrl subsystem
[    6.166491] RTC time: 22:26:19, date: 11/21/16
[    6.222434] NET: Registered protocol family 16
[    6.280319] cpuidle: using governor ladder
[    6.340008] cpuidle: using governor menu
[    6.384252] PCCT header not found.
[    6.409310] ACPI: bus type PCI registered
[    6.439621] acpiphp: ACPI Hot Plug PCI Controller Driver version: 0.5
[    6.484149] PCI: Using configuration type 1 for base access
[    6.513420] ACPI: Added _OSI(Module Device)
[    6.529200] ACPI: Added _OSI(Processor Device)
[    6.570457] ACPI: Added _OSI(3.0 _SCP Extensions)
[    6.618476] ACPI: Added _OSI(Processor Aggregator Device)
[    6.668719] ACPI: Executed 1 blocks of module-level executable AML code
[    6.718898] ACPI: Interpreter enabled
[    6.745868] ACPI Exception: AE_NOT_FOUND, While evaluating Sleep State [\_S1_] (20150930/hwxface-580)
[    6.818144] ACPI Exception: AE_NOT_FOUND, While evaluating Sleep State [\_S2_] (20150930/hwxface-580)
[    6.827954] ACPI Exception: AE_NOT_FOUND, While evaluating Sleep State [\_S3_] (20150930/hwxface-580)
[    6.899897] ACPI Exception: AE_NOT_FOUND, While evaluating Sleep State [\_S4_] (20150930/hwxface-580)
[    6.978907] ACPI: (supports S0 S5)
[    7.014018] ACPI: Using IOAPIC for interrupt routing
[    7.051164] PCI: Using host bridge windows from ACPI; if necessary, use "pci=nocrs" and report a bug
[    7.096055] ACPI: PCI Root Bridge [PCI0] (domain 0000 [bus 00-ff])
[    7.116060] acpi PNP0A03:00: _OSC: OS supports [ASPM ClockPM Segments MSI]
[    7.141514] acpi PNP0A03:00: _OSC failed (AE_NOT_FOUND); disabling ASPM
[    7.154245] acpi PNP0A03:00: fail to add MMCONFIG information, can't access extended PCI configuration space under this bridge.
[    7.171516] PCI host bridge to bus 0000:00
[    7.176941] pci_bus 0000:00: root bus resource [io  0x0000-0x0cf7 window]
[    7.186145] pci_bus 0000:00: root bus resource [io  0x0d00-0xffff window]
[    7.203674] pci_bus 0000:00: root bus resource [mem 0x000a0000-0x000bffff window]
[    7.208704] pci_bus 0000:00: root bus resource [mem 0x40000000-0xffdfffff window]
[    7.256000] pci_bus 0000:00: root bus resource [bus 00-ff]
[    7.288671] pci 0000:00:01.1: legacy IDE quirk: reg 0x10: [io  0x01f0-0x01f7]
[    7.323862] pci 0000:00:01.1: legacy IDE quirk: reg 0x14: [io  0x03f6]
[    7.330593] pci 0000:00:01.1: legacy IDE quirk: reg 0x18: [io  0x0170-0x0177]
[    7.331985] pci 0000:00:01.1: legacy IDE quirk: reg 0x1c: [io  0x0376]
[    7.362293] ACPI: PCI Interrupt Link [LNKA] (IRQs 5 9 10 11) *0, disabled.
[    7.392088] ACPI: PCI Interrupt Link [LNKB] (IRQs 5 9 10 *11)
[    7.447726] ACPI: PCI Interrupt Link [LNKC] (IRQs 5 9 *10 11)
[    7.489312] ACPI: PCI Interrupt Link [LNKD] (IRQs 5 *9 10 11)
[    7.525439] ACPI: Enabled 2 GPEs in block 00 to 07
[    7.568726] vgaarb: setting as boot device: PCI:0000:00:02.0
[    7.614030] vgaarb: device added: PCI:0000:00:02.0,decodes=io+mem,owns=io+mem,locks=none
[    7.625804] vgaarb: loaded
[    7.632056] vgaarb: bridge control possible 0000:00:02.0
[    7.633405] SCSI subsystem initialized
[    7.655176] ACPI: bus type USB registered
[    7.709925] usbcore: registered new interface driver usbfs
[    7.718775] usbcore: registered new interface driver hub
[    7.719995] usbcore: registered new device driver usb
[    7.750872] PCI: Using ACPI for IRQ routing
[    7.763689] NetLabel: Initializing
[    7.802019] NetLabel:  domain hash size = 128
[    7.833264] NetLabel:  protocols = UNLABELED CIPSOv4
[    7.862953] NetLabel:  unlabeled traffic allowed by default
[    7.880634] amd_nb: Cannot enumerate AMD northbridges
[    7.940394] clocksource: Switched to clocksource kvm-clock
[  8363]pprmo: pprm FesteEnle
[  85803 p: P PI init
[   848320] pnp: PnP AI:oud 3 eves
[    9.150338] clocksource: acpi_pm: mask: 0xffffff max_cycles: 0xffffff, max_idle_ns: 2085701024 ns
[    9.178509] NET: Registered protocol family 2
[    9.213595] TCP established hash table entries: 8192 (order: 4, 65536 bytes)
[    9.270426] TCP bind hash table entries: 8192 (order: 5, 131072 bytes)
[    9.311151] TCP: Hash tables configured (established 8192 bind 8192)
[    9.334857] UDP hash table entries: 512 (order: 2, 16384 bytes)
[    9.370507] UDP-Lite hash table entries: 512 (order: 2, 16384 bytes)
[    9.387265] NET: Registered protocol family 1
[    9.419769] pci 0000:00:00.0: Limiting direct PCI/PCI transfers
[    9.464706] pci 0000:00:01.0: Activating ISA DMA hang workarounds
[    9.550432] Trying to unpack rootfs image as initramfs...
[   10.814939] Freeing initrd memory: 8236K (ffff880036fda000 - ffff8800377e5000)
[   10.850668] RAPL PMU detected, API unit is 2^-32 Joules, 4 fixed counters 10737418240 ms ovfl timer
[   10.948761] hw unit of domain pp0-core 2^-0 Joules
[   10.981484] hw unit of domain package 2^-0 Joules
[   11.041904] hw unit of domain dram 2^-0 Joules
[   11.074417] hw unit of domain pp1-gpu 2^-0 Joules
[   11.113354] platform rtc_cmos: registered platform RTC device (no PNP device found)
[   11.188952] Scanning for low memory corruption every 60 seconds
[   11.249172] futex hash table entries: 512 (order: 3, 32768 bytes)
[   11.328236] audit: initializing netlink subsys (disabled)
[   11.407174] audit: type=2000 audit(1479767181.666:1): initialized
[   11.408665] Initialise system trusted keyring
[   11.410239] HugeTLB registered 2 MB page size, pre-allocated 0 pages
[   11.472820] zbud: loaded
[   11.473843] VFS: Disk quotas dquot_6.6.0
[   11.530108] VFS: Dquot-cache hash table entries: 512 (order 0, 4096 bytes)
[   11.544282] squashfs: version 4.0 (2009/01/31) Phillip Lougher
[   11.547188] fuse init (API version 7.23)
[   11.565378] Key type big_key registered
[   11.575159] Allocating IMA MOK and blacklist keyrings.
[   11.596208] Key type asymmetric registered
[   11.613236] Asymmetric key parser 'x509' registered
[   11.672388] Block layer SCSI generic (bsg) driver version 0.4 loaded (major 249)
[   11.729864] io scheduler noop registered
[   11.769770] io scheduler deadline registered (default)
[   11.827249] io scheduler cfq registered
[   11.852325] pci_hotplug: PCI Hot Plug PCI Core version: 0.5
[   11.907233] pciehp: PCI Express Hot Plug Controller Driver version: 0.4
[   11.953958] ACPI: AC Adapter [AC] (off-line)
[   11.989158] input: Power Button as /devices/LNXSYSTM:00/LNXPWRBN:00/input/input0
[   12.057930] ACPI: Power Button [PWRF]
[   12.101981] input: Sleep Button as /devices/LNXSYSTM:00/LNXSLPBN:00/input/input1
[   12.103601] ACPI: Sleep Button [SLPF]
[   12.104733] GHES: HEST is not enabled!
[   12.105578] ACPI: Battery Slot [BAT0] (battery present)
[   12.118730] tsc: Refined TSC clocksource calibration: 3097.856 MHz
[   12.178380] clocksource: tsc: mask: 0xffffffffffffffff max_cycles: 0x2ca75e4eba7, max_idle_ns: 440795302640 ns
[   122398Seal82/1550rir,2 rt, RQ sharing enabled

[   12.793737] 00:02: ttyS0 at I/O 0x3f8 (irq = 4, base_baud = 115200) is a 16550A
[   12.797589] Linux agpgart interface v0.103
[   12.840739] brd: module loaded
[   12.871511] loop: module loaded
[   12.901551] scsi host0: ata_piix
[   12.919165] scsi host1: ata_piix
[   12.962978] ata1: PATA max UDMA/33 cmd 0x1f0 ctl 0x3f6 bmdma 0xd000 irq 14
[   13.027569] ata2: PATA max UDMA/33 cmd 0x170 ctl 0x376 bmdma 0xd008 irq 15
[   13.116914] libphy: Fixed MDIO Bus: probed
[   13.160347] tun: Universal TUN/TAP device driver, 1.6
[   13.188647] tun: (C) 1999-2004 Max Krasnyansky <maxk@qualcomm.com>
[   13.265829] PPP generic driver version 2.4.2
[   13.301766] ehci_hcd: USB 2.0 'Enhanced' Host Controller (EHCI) Driver
[   13.373351] ehci-pci: EHCI PCI platform driver
[   13.462497] ehci-platform: EHCI generic platform driver
[   13.548620] ohci_hcd: USB 1.1 'Open' Host Controller (OHCI) Driver
[   13.575613] ohci-pci: OHCI PCI platform driver
[   13.637456] ohci-platform: OHCI generic platform driver
[   13.695335] uhci_hcd: USB Universal Host Controller Interface driver
[   13.801703] i8042: PNP: PS/2 Controller [PNP0303:PS2K,PNP0f03:PS2M] at 0x60,0x64 irq 1,12
[   13.832369] serio: i8042 KBD port at 0x60,0x64 irq 1
[   13.874904] serio: i8042 AUX port at 0x60,0x64 irq 12
[   13.901836] mousedev: PS/2 mouse device common for all mice
[   13.943052] input: AT Translated Set 2 keyboard as /devices/platform/i8042/serio0/input/input2
[   14.0219] c_cmos r_cos: rtco: registere r_cs  r0
[   145350rtcm rc_cmos: alarms up to ne day11 bytes nvram

[   14.099] i2c /dev entries driver
[  153566] device-mapper: uevent: version 1.0.3
[   15.138085] device-mapper: ioctl: 4.34.0-ioctl (2015-10-28) initialised: dm-devel@redhat.com
[   15.157990] ledtrig-cpu: registered to indicate activity on CPUs
[   15.188348] NET: Registered protocol family 10
[   15.201954] NET: Registered protocol family 17
[   15.237281] Key type dns_resolver registered
[   15.255403] microcode: CPU0 sig=0x306d4, pf=0x40, revision=0x0
[   15.281541] microcode: CPU1 sig=0x306d4, pf=0x40, revision=0x0
[   15.288867] microcode: Microcode Update Driver: v2.01 <tigran@aivazian.fsnet.co.uk>, Peter Oruba
[   15.267] gistered taskstats version 1
[   15.430245] Loading compiled-in X.509 certificates
[   5.22] Loaded 509 cert 'Build timeauogerederl y:b95d5405100e475afe63f7a664527d6'
[   116320] wa: loaedsig oolzzbd
[   16.617467] Key type trusted registered
[   16.626472] Key type encrypted registered
[   16.629760] AppArmor: AppArmor sha1 policy hashing enabled
[   16.630884] ima: No TPM chip found, activating TPM-bypass!
[   16.632023] evm: HMAC attrs: 0x1
[   16.633121]   Magic number: 8:319:452
[   16.634238] rtc_cmos rtc_cmos: setting system clock to 2016-11-21 22:26:29 UTC (1479767189)
[   16.669505] BIOS EDD facility v0.16 2004-Jun-25, 0 devices found
[   16.737222] EDD information not available.
[   16.779666] Freeing unused kernel memory: 1480K (ffffffff81f42000 - ffffffff820b4000)
[   16.841571] Write protecting the kernel read-only data: 14336k
[   16.844744] Freeing unused kernel memory: 1824K (ffff880001838000 - ffff880001a00000)
[   16.850981] Freeing unused kernel memory: 152K (ffff880001dda000 - ffff880001e00000)
Loading, please wait...
starting version[   16.865153] random: systemd-udevd: uninitialized urandom read (16 bytes read, 5 bits of entropy available)
 229
[   16.881414] random: udevadm: uninitialized urandom read (16 bytes read, 5 bits of entropy available)
[   16.881444] random: udevadm: uninitialized urandom read (16 bytes read, 5 bits of entropy available)
[   16.881534] random: udevadm: uninitialized urandom read (16 bytes read, 5 bits of entropy available)
[   16.881566] random: udevadm: uninitialized urandom read (16 bytes read, 5 bits of entropy available)
[   16.881595] random: udevadm: uninitialized urandom read (16 bytes read, 5 bits of entropy available)
[   16.881626] random: udevadm: uninitialized urandom read (16 bytes read, 5 bits of entropy available)
[   16.881656] random: udevadm: uninitialized urandom read (16 bytes read, 5 bits of entropy available)
[   16.881684] random: udevadm: uninitialized urandom read (16 bytes read, 5 bits of entropy available)
[   16.881711] random: udevadm: uninitialized urandom read (16 bytes read, 5 bits of entropy available)
[   17.312942] e1000: Intel(R) PRO/1000 Network Driver - version 7.3.21-k8-NAPI
[   17.324942] e1000: Copyright (c) 1999-2006 Intel Corporation.
[   17.343161] Fusion MPT base driver 3.04.20
[   17.345711] Copyright (c) 1999-2008 LSI Corporation
[   17.356618] AVX version of gcm_enc/dec engaged.
[   17.378664] AES CTR mode by8 optimization enabled
[   17.403583] Fusion MPT SPI Host driver 3.04.20
[   17.552238] input: ImExPS/2 Generic Explorer Mouse as /devices/platform/i8042/serio1/input/input4
[   17.731924] e1000 0000:00:03.0 eth0: (PCI:33MHz:32-bit) 02:b2:7b:5c:fd:a7
[   17.808038] e1000 0000:00:03.0 eth0: Intel(R) PRO/1000 Network Connection
[   18.260698] e1000 0000:00:08.0 eth1: (PCI:33MHz:32-bit) 08:00:27:0e:3c:ea
[   18.348477] e1000 0000:00:08.0 eth1: Intel(R) PRO/1000 Network Connection
[   18.379345] e1000 0000:00:03.0 enp0s3: renamed from eth0
[   18.450473] mptbase: ioc0: Initiating bringup
[   18.492979] e1000 0000:00:08.0 enp0s8: renamed from eth1
[   18.544682] ioc0: LSI53C1030 A0: Capabilities={Initiator}
[   18.708608] scsi host2: ioc0: LSI53C1030 A0, FwRev=00000000h, Ports=1, MaxQ=256, IRQ=20
[   18.929185] scsi 2:0:0:0: Direct-Access     VBOX     HARDDISK         1.0  PQ: 0 ANSI: 5
[   19.095432] scsi target2:0:0: Beginning Domain Validation
[   19.113269] scsi target2:0:0: Domain Validation skipping write tests
[   19.119538] scsi target2:0:0: Ending Domain Validation
[   19.120798] scsi target2:0:0: asynchronous
[   19.122718] scsi 2:0:1:0: Direct-Access     VBOX     HARDDISK         1.0  PQ: 0 ANSI: 5
[   19.167244] scsi target2:0:1: Beginning Domain Validation
[   19.186804] scsi target2:0:1: Domain Validation skipping write tests
[   19.251166] scsi target2:0:1: Ending Domain Validation
[   19.252395] scsi target2:0:1: asynchronous
[   19.275848] sd 2:0:0:0: [sda] 20971520 512-byte logical blocks: (10.7 GB/10.0 GiB)
[   19.275849] sd 2:0:0:0: Attached scsi generic sg0 type 0
[   19.276182] sd 2:0:1:0: Attached scsi generic sg1 type 0
[   19.313142] sd 2:0:1:0: [sdb] 20480 512-byte logical blocks: (10.5 MB/10.0 MiB)
[   19.313269] sd 2:0:0:0: [sda] Write Protect is off
[   19.313363] sd 2:0:0:0: [sda] Incomplete mode parameter data
[   19.313364] sd 2:0:0:0: [sda] Assuming drive cache: write through
[   19.333891]  sda: sda1
[   19.334607] sd 2:0:0:0: [sda] Attached SCSI disk
[   19.402937] sd 2:0:1:0: [sdb] Write Protect is off
[   19.453135] sd 2:0:1:0: [sdb] Incomplete mode parameter data
[   20.030988] sd 2:0:1:0: [sdb] Assuming drive cache: write through
[   20.097228] sd 2:0:1:0: [sdb] Attached SCSI disk
[   20.428803] floppy0: no floppy controllers found
Begin: Loading e[   21.984406] md: linear personality registered for level -1
ssential drivers[   21.998029] md: multipath personality registered for level -4
 ... [   22.005597] md: raid0 personality registered for level 0
[   22.026607] md: raid1 personality registered for level 1
[   22.108460] raid6: sse2x1   gen()  5639 MB/s
[   22.190594] raid6: sse2x1   xor()  7154 MB/s
[   22.288787] raid6: sse2x2   gen() 12674 MB/s
[   22.424430] raid6: sse2x2   xor()  8449 MB/s
[   22.537641] raid6: sse2x4   gen() 14899 MB/s
[   22.620674] raid6: sse2x4   xor()  9909 MB/s
[   22.688032] raid6: using algorithm sse2x4 gen() 14899 MB/s
[   22.732358] raid6: .... xor() 9909 MB/s, rmw enabled
[   22.819570] raid6: using ssse3x2 recovery algorithm
[   22.850294] xor: automatically using best checksumming function:
[   22.932516]    avx       : 15765.000 MB/sec
[   22.967991] async_tx: api initialized (async)
[   23.002187] md: raid6 personality registered for level 6
[   23.027385] md: raid5 personality registered for level 5
[   23.065202] md: raid4 personality registered for level 4
[   23.097603] md: raid10 personality registered for level 10
done.
Begin: Running /scripts/i[   23.139888] Btrfs loaded
nit-premount ... done.
Begin: Mounting root file system ... Begin: Running /scripts/local-top ... done.
Begin: Running /scripts/local-premount ... Scanning for Btrfs filesystems
done.
Warning: fsck no[   23.201266] EXT4-fs (sda1): mounted filesystem with ordered data mode. Opts: (null)
t present, so skipping root file system
done.
Begin: Running /scripts/local-bottom ... done.
Begin: Running /scripts/init-bottom ... Warning: overlayroot: debug is busted
done.
[   23.375257] systemd[1]: systemd 229 running in system mode. (+PAM +AUDIT +SELINUX +IMA +APPARMOR +SMACK +SYSVINIT +UTMP +LIBCRYPTSETUP +GCRYPT +GNUTLS +ACL +XZ -LZ4 +SECCOMP +BLKID +ELFUTILS +KMOD -IDN)
[   23.478760] systemd[1]: Detected virtualization oracle.
[   23.510862] systemd[1]: Detected architecture x86-64.

Welcome to [1mUbuntu 16.04.1 LTS[0m!

[   23.552972] systemd[1]: Set hostname to <ubuntu>.
[   23.581995] systemd[1]: Initializing machine ID from random generator.
[   23.612271] systemd[1]: Installed transient /etc/machine-id file.
[   23.758335] systemd[1]: Listening on LVM2 metadata daemon socket.
[[0;32m  OK  [0m] Listening on LVM2 metadata daemon socket.
[   23.837496] systemd[1]: Created slice User and Session Slice.
[[0;32m  OK  [0m] Created slice User and Session Slice.
[   23.940918] systemd[1]: Listening on udev Kernel Socket.
[[0;32m  OK  [0m] Listening on udev Kernel Socket.
[   23.997200] systemd[1]: Set up automount Arbitrary Executable File Formats File System Automount Point.
[[0;32m  OK  [0m] Set up automount Arbitrary Executab...ats File System Automount Point.
[   24.060903] systemd[1]: Listening on Journal Audit Socket.
[[0;32m  OK  [0m] Listening on Journal Audit Socket.
[   24.134167] systemd[1]: Listening on LVM2 poll daemon socket.
[[0;32m  OK  [0m] Listening on LVM2 poll daemon socket.
[   24.193168] systemd[1]: Listening on Journal Socket (/dev/log).
[[0;32m  OK  [0m] Listening on Journal Socket (/dev/log).
[   24.240805] systemd[1]: Started Forward Password Requests to Wall Directory Watch.
[[0;32m  OK  [0m] Started Forward Password Requests to Wall Directory Watch.
[   24.373559] systemd[1]: Reached target Encrypted Volumes.
[[0;32m  OK  [0m] Reached target Encrypted Volumes.
[   24.409329] systemd[1]: Listening on Device-mapper event daemon FIFOs.
[[0;32m  OK  [0m] Listening on Device-mapper event daemon FIFOs.
[   24.541659] systemd[1]: Listening on Journal Socket.
[[0;32m  OK  [0m] Listening on Journal Socket.
[   24.565455] systemd[1]: Listening on udev Control Socket.
[[0;32m  OK  [0m] Listening on udev Control Socket.
[   24.661143] systemd[1]: Reached target User and Group Name Lookups.
[[0;32m  OK  [0m] Reached target User and Group Name Lookups.
[   24.808676] systemd[1]: Reached target Swap.
[[0;32m  OK  [0m] Reached target Swap.
[   24.838917] systemd[1]: Listening on Syslog Socket.
[[0;32m  OK  [0m] Listening on Syslog Socket.
[   24.882714] systemd[1]: Listening on /dev/initctl Compatibility Named Pipe.
[[0;32m  OK  [0m] Listening on /dev/initctl Compatibility Named Pipe.
[   24.929238] systemd[1]: Created slice System Slice.
[[0;32m  OK  [0m] Created slice System Slice.
[   24.948256] systemd[1]: Created slice system-serial\x2dgetty.slice.
[[0;32m  OK  [0m] Created slice system-serial\x2dgetty.slice.
[   24.993098] systemd[1]: Mounting POSIX Message Queue File System...
         Mounting POSIX Message Queue File System...
[   25.040923] systemd[1]: Mounting Debug File System...
         Mounting Debug File System...
[   25.125094] systemd[1]: Starting Journal Service...
[   25.127064] random: nonblocking pool is initialized
         Starting Journal Service...
[   25.198684] systemd[1]: Starting Create list of required static device nodes for the current kernel...
         Starting Create list of required st... nodes for the current kernel...
[   25.273349] systemd[1]: Statig emunt Root and Kernel File Systems...

         [   25.389696] EXT4-fs (sda1): re-mounted. Opts: (null)
Starting Remount Root and Kernel File Systems...
[   25.417448] systemd[1]: Starting Set console keymap...
         Starting Set console keymap...
[   25.501079] systemd[1]: Starting Monitoring of LVM2 mirrors, snapshots etc. using dmeventd or progress polling...
         Starting Monitoring of LVM2 mirrors... dmeventd or progress polling...
[   25.641141] systemd[1]: Starting Load Kernel Modules...
         Starting Load Ke[   25.655503] Loading iSCSI transport class v2.0-870.
rnel Modules...[   25.741465] iscsi: registered transport (tcp)

[   25.808722] systemd[1]: Starting Uncomplicated firewall...
         Starting Uncomplicated firewall...
[   25.867438] systemd[1]: Reached target Slices.
[[0;32m  OK  [0m] Reached target Slices.
[   25.907246] systemd[1]: Starting Nameserver information manager...
         Starting Nameserver information manager...
[   25.922422] systemd[1]: Mounting Huge Pages File System...
[   25.954259] iscsi: registered transport (iser)
         Mounting Huge Pages File System...
[   2.05912 sysem[1]: Mounted Debug File System.
[[0;32m  OK  [0m] Mounted Debug File System.
[   26.206236] systemd[1]: Mounted Huge Pages File System.
[[0;32m  OK  [0m] Mounted Huge Pages File System.
[   26.284681] systemd[1]: Mounted POSIX Message Queue File System.
[[0;32m  OK  [0m] Mounted POSIX Message Queue File System.
[   26.289613] systemd[1]: Started Journal Service.
[[0;32m  OK  [0m] Started Journal Service.
[[0;32m  OK  [0m] Started Create list of required sta...ce nodes for the current kernel.
[[0;32m  OK  [0m] Started Remount Root and Kernel File Systems.
[[0;32m  OK  [0m] Started Set console keymap.
[[0;32m  OK  [0m] Started Load Kernel Modules.
[[0;32m  OK  [0m] Started Uncomplicated firewall.
[[0;32m  OK  [0m] Started Nameserver information manager.
[[0;32m  OK  [0m] Started LVM2 metadata daemon.
         Mounting FUSE Control File System...
         Starting Apply Kernel Variables...
         Starting udev Coldplug all Devices...
         Starting Load/Save Random Seed...
         Starting Create Static Device Nodes in /dev...
         Starting Flush Journal to Persistent Storage...
[[0;32m  OK  [0m] Mounted FUSE Control File System.
[[0;32m  OK  [0m] Started Monitoring of LVM2 mirrors,...ng dmeventd or progress polling.
[[0;32m  OK  [0m] Started Apply Kernel Variables.
[[0;32m  OK  [0m] Started Load/Save Random Seed.
[[0;32m  OK  [0m] Started Create Static Device Nodes in /dev.
[[0;32m  OK  [0m] Started udev Coldplug all Devices.
[[0;32m  OK  [0m] Started Flush Journal to Persistent Storage.
         Starting udev Kernel Device Manager...
[[0;32m  OK  [0m] Started udev Kernel Device Manager.
[[0;32m  OK  [0m] Reached target Local File Systems (Pre).
[[0;32m  OK  [0m] Reached target Local File Systems.
         Starting Commit a transient machine-id on disk...
         Starting Run snappy firstboot setup...
         Starting Initial cloud-init job (pre-networking)...
         Starting LSB: AppArmor initialization...
         Starting Set console font and keymap...
         Starting Create Volatile Files and Directories...
         Starting Tell Plymouth To Write Out Runtime Data...
[[0;32m  OK  [0m] Started Dispatch Password Requests to Console Directory Watch.
[[0;32m  OK  [0m] Started Commit a transient machine-id on disk.
[[0;32m  OK  [0m] Started Run snappy firstboot setup.
[[0;32m  OK  [0m] Started Create Volatile Files and Directories.
[[0;32m  OK  [0m] Started Tell Plymouth To Write Out Runtime Data.
[[0;32m  OK  [0m] Found device /dev/ttyS0.
         Starting Update UTMP about System Boot/Shutdown...
[[0;32m  OK  [0m] Reached target System Time Synchronized.
[[0;32m  OK  [0m] Started Update UTMP about System Boot/Shutdown.
[[0;32m  OK  [0m] Listening on Load/Save RF Kill Switch Status /dev/rfkill Watch.
[   22.146982] [cloud-init[0;32m  OK  [0m[546]: ] Cloud-init v. 0.7.8 running 'init-local' at Mon, 21 Nov 2016 22:26:41 +0000. Up 21.50 seconds.Started LSB: AppArmor initialization.

[[0;32m  OK  [0m] Reached target System Initialization.
[[0;32m  OK  [0m] Started ACPI Events Check.
[[0;32m  OK  [0m] Started Daily apt activities.
         Starting Socket activation for snappy daemon.
[[0;32m  OK  [0m] Listening on D-Bus System Message Bus Socket.
[[0;32m  OK  [0m] Listening on UUID daemon activation socket.
[[0;32m  OK  [0m] Listening on ACPID Listen Socket.
[[0;32m  OK  [0m] Started Daily Cleanup of Temporary Directories.
[[0;32m  OK  [0m] Started Trigger resolvconf update for networkd DNS.
[[0;32m  OK  [0m] Reached target Paths.
         Starting LXD - unix socket.
[[0;32m  OK  [0m] Started Timer to automatically refresh installed snaps.
[[0;32m  OK  [0m] Reached target Timers.
[[0;32m  OK  [0m] Started Set console font and keymap.
[[0;32m  OK  [0m] Listening on Socket activation for snappy daemon.
[[0;32m  OK  [0m] Listening on LXD - unix socket.
[[0;32m  OK  [0m] Started Initial cloud-init job (pre-networking).
[[0;32m  OK  [0m] Reached target Network (Pre).
         Starting Raise network interfaces...
[[0;32m  OK  [0m] Reached target Sockets.
[[0;32m  OK  [0m] Reached target Basic System.
         Starting LXD - container startup/shutdown...
         Starting LSB: MD monitoring daemon...
         Starting System Logging Service...
[[0;32m  OK  [0m] Started D-Bus System Message Bus.
         Starting LSB: Record successful boot for GRUB...
[[0;32m  OK  [0m] Started ACPI event daemon.
         Starting Login Service...
[[0;32m  OK  [0m] Started Deferred execution scheduler.
         Starting Accounts Service...
[[0;32m  OK  [0m] Started Regular background program processing daemon.
[[0;32m  OK  [0m] Started FUSE filesystem for LXC.
[[0;32m  OK  [0m] Started Snappy daemon.
[[0;32m  OK  [0m] Created slice system-getty.slice.
[[0;32m  OK  [0m] Started System Logging Service.
[[0;32m  OK  [0m] Started LXD - container startup/shutdown.
[[0;32m  OK  [0m] Started LSB: MD monitoring daemon.
[[0;32m  OK  [0m] Started LSB: Record successful boot for GRUB.
[[0;32m  OK  [0m] Started Login Service.
         Starting Authenticate and Authorize Users to Run Privileged Tasks...
[[0;32m  OK  [0m] Started Authenticate and Authorize Users to Run Privileged Tasks.
[[0;32m  OK  [0m] Started Accounts Service.
[[0;32m  OK  [0m] Started Raise network interfaces.
         Starting Initial cloud-init job (metadata service crawler)...
[[0;32m  OK  [0m] Reached target Network.
[   24.675764] cloud-init[1024]: Cloud-init v. 0.7.8 running 'init' at Mon, 21 Nov 2016 22:26:44 +0000. Up 24.22 seconds.
[   24.748772] cloud-init[1024]: ci-info: ++++++++++++++++++++++++++++++++++++++Net device info++++++++++++++++++++++++++++++++++++++
[   24.748986] cloud-init[1024]: ci-info: +--------+-------+----------------------------+---------------+-------+-------------------+
[[0;32m  OK  [0m] Started Initial cloud-init job (metadata service crawler).
[   24.749186] cloud-init[1024]: ci-info: | Device |   Up  |          Address           |      Mask     | Scope |     Hw-Address    |
[   25.096684] cloud-init[1024]: ci-info: +--------+-------+----------------------------+---------------+-------+-------------------+
[   25.097011] cloud-init[1024]: ci-info: |   lo   |  True |         127.0.0.1          |   255.0.0.0   |   .   |         .         |
[[0;32m  OK  [0m] Reached target Cloud-config availability.
[[   25.097172] cloud-init[1024]: ci-info: |   lo   |  True |          ::1/128           |       .       |  host |         .         |
[   25.283558] cloud-init[1024]: ci-info: | enp0s3 |  True |         10.0.2.15          | 255.255.255.0 |   .   | 02:b2:7b:5c:fd:a7 |
[   25.283819] cloud-init[1024]: ci-info: | enp0s3 |  True | fe80::b2:7bff:fe5c:fda7/64 |       .       |  link | 02:b2:7b:5c:fd:a7 |
[   25.284000] cloud-init[1024]: ci-info: | enp0s8 | False |             .              |       .       |   .   | 08:00:27:0e:3c:ea |
[   25.284378] cloud-init[1024]: ci-info: +--------+-------+----------------------------+---------------+-------+-------------------+
[   25.284562] cloud-init[1024]: ci-info: +++++++++++++++++++++++++++Route IPv4 info++++++++++++++++++++++++++++
[   25.284735] cloud-init[1024]: ci-info: +-------+-------------+----------+---------------+-----------+-------+
[   25.284915] cloud-init[1024]: ci-info: | Route | Destination | Gateway  |    Genmask    | Interface | Flags |
[   25.285127] cloud-init[1024]: ci-info: +-------+-------------+----------+---------------+-----------+-------+
[0;32m  OK  [0m] Reached target Network is Online.
[   25.285496] cloud-init[1024]: ci-info: |   0   |   0.0.0.0   | 10.0.2.2 |    0.0.0.0    |   enp0s3  |   UG  |
         Starting Pollinate to seed the pseudo random number generator...
[   25.811132] cloud-init[1024]: ci-info: |   1   |   10.0.2.0  | 0.0.0.0  | 255.255.255.0 |   enp0s3  |   U   |
         Starting /etc/rc.local Compatibility...
[   25.873609] cloud-init[1024]: ci-info: +-------+-------------+----------+---------------+-----------+-------+
         Starting Apply the settings specified in cloud-config...
[   26.070393] cloud-init[1024]: Generating public/private rsa key pair.
[   26.228467] cloud-init[1024]: Your identification has been saved in /etc/ssh/ssh_host_rsa_key.
[   26.231813] cloud-init[1024]: Your public key has been saved in /etc/ssh/ssh_host_rsa_key.pub.
         Starting iSCSI initiator daemon (iscsid)...
[[0;32m  OK  [0m] Started /etc/rc.local Compatibility.[   26.232202] cloud-init[1024]: The key fingerprint is:
[   26.318742] cloud-init[1024]: SHA256:IDw1w7Awn5L3nRqB54EfXWSXARsq9yZByUzEOKlmczM root@ubuntu-xenial
[   26.319043] cloud-init[1024]: The key's randomart image is:
[   26.319257] cloud-init[1024]: +---[RSA 2048]----+
[   26.321264] cloud-init[1024]: |  o .o+O+o*.oo   |
[   26.321523] cloud-init[1024]: |   * *===+ +.    |
[   26.321936] cloud-init[1024]: |  o @.B.= .      |
[   26.323369] cloud-init[1024]: |   o=BEO +       |
[   26.323785] cloud-init[1024]: |   o o=oS o      |
[   26.323884] cloud-init[1024]: |       o o       |
[   26.323961] cloud-init[1024]: |      .          |

[   26.324402] cloud-init[1024]: |                 |
[   26.621007] cloud-init[1024]: |                 |
[[0;32m  OK  [0m] Started iSCSI initiator daemon (iscsid).
[   26.627917] cloud-init[1024]: +----[SHA256]-----+
[   26.662955] cloud-init[1024]: Generating public/private dsa key pair.
[   26.674993]          cloud-initStarting Login to default iSCSI targets...[1024]: 
Your identification has been saved in /etc/ssh/ssh_host_dsa_key.
[   26.717581] [[0;32m  OK  [0m] Started Login to default iSCSI targets.
cloud-init[1024]: Your public key has been saved in /etc/ssh/ssh_host_dsa_key.pub.
[[0;32m  OK  [0m] Reached target Remote File Systems (Pre).
[   26.787240] cloud-init[1024]: The key fingerprint is:
[[0;32m  OK  [0m] Reached target Remote File Systems.
[   26.826288] cloud-init[1024]: SHA256:Tl2wEFeH9vzpWWY2SGga74fZett98tmnu/RC4gYkJgM root@ubuntu-xenial
[   26.865092]          cloud-initStarting Permit User Sessions...[1024]: 
The key's randomart image is:
[   26.898778]          cloud-initStarting LSB: VirtualBox Linux Additions...[1024]: 
+---[DSA 1024]----+
[   26.945299]          cloud-initStarting LSB: automatic crash report generation...[1024]: 
|        o.o....  |
[   26.945845] cloud-init[1024]: |    E    o oo.   |
         Starting LSB: daemon to balance interrupts for SMP systems...
[   27.015036] cloud-init[1024]: |     .    ..oo   |
[   27.057782]          cloud-initStarting LSB: Set the CPU Frequency Scaling governor to "ondemand"...[1024]: 
|      o oo.+ .o  |
[   27.096411] [cloud-init[0;32m  OK  [0m[1024]: ] |       +So* . ...|Started Permit User Sessions.

[   27.096926] cloud-init[1024]: |       o ......o*|
[   27.144728] cloud-init[1024]: |        . .o+oo++|
[   27.168844] cloud-init[1024]: |           +o=++*|
         Starting Terminate Plymouth Boot Screen...
[   27.185635] cloud-init[1024]: |           o+.=XB|
[   27.223896]          cloud-initStarting Hold until boot process finishes up...[1024]: 
+----[SHA256]-----+
[   27.276459] [cloud-init[0;32m  OK  [0m[1024]: ] Generating public/private ecdsa key pair.Started LSB: automatic crash report generation.

[[0;32m  OK  [0m] Started LSB: VirtualBox Linux Additions.
[[0;32m  OK  [0m] Started LSB: daemon to balance interrupts for SMP systems.
[   27.276952] cloud-init[1024]: Your identification has been saved in /etc/ssh/ssh_host_ecdsa_key.
[   27.498979] [cloud-init[0;32m  OK  [0m[1024]: ] Your public key has been saved in /etc/ssh/ssh_host_ecdsa_key.pub.Started LSB: Set the CPU Frequency Scaling governor to "ondemand".

[   27.499625] cloud-init[1024]: The key fingerprint is:
[   27.640856] [cloud-init[0;32m  OK  [0m[1024]: ] SHA256:SG5pvpzT0KoBJiIfI/06fEHD+eAfJnGzrK9/XrXuIxg root@ubuntu-xenialStarted Terminate Plymouth Boot Screen.

[   27.641429] [[0;32m  OK  [0m] Started Hold until boot process finishes up.
cloud-init[1024]: The key's randomart image is:
[   27.672177] cloud-init[1024]: +---[ECDSA 256]---+
[   27.673981] cloud-init[1024]: |                 |
[   27.676921] cloud-init[1024]: |                 |
[   27.682797] cloud-init[1024]: |   . ..          |
[   27.687750] cloud-init[1024]: | .  Booo         |
[   27.700848]          Starting Set console scheme...
cloud-init[1024]: |= *o B*+S   .    |
[   27.728927] [cloud-init[0;32m  OK  [0m[1024]: ] |o= =++B E  . .   |Started Getty on tty1.

[   27.729528] cloud-init[1024]: | .. o*.= o. .    |
[   27.762030] cloud-init[1024]: |  o.oo+o+....    |
[   27.772322] [cloud-init[0;32m  OK  [0m[1024]: ] |  .oo=*+.  oo.   |Started Serial Getty on ttyS0.

[[0;32m  OK  [0m] Reached target Login Prompts.
[   27.772982] cloud-init[1024]: +----[SHA256]-----+
[   27.789946] cloud-init[1024]: Generating public/private ed25519 key pair.
[[0;32m  OK  [0m] Started Set console scheme.
[   27.800870] cloud-init[1024]: Your identification has been saved in /etc/ssh/ssh_host_ed25519_key.
[   27.834403] cloud-init[1024]: Your public key has been saved in /etc/ssh/ssh_host_ed25519_key.pub.
[   27.845105] cloud-init[1024]: The key fingerprint is:
[   27.852230] cloud-init[1024]: SHA256:zTTHMspu4gE9JZ12+59Ei+WkXDo1ru2Na2CnFZygILY root@ubuntu-xenial
[   27.859806] cloud-init[1024]: The key's randomart image is:
[   27.876508] cloud-init[1024]: +--[ED25519 256]--+
[   27.882314] cloud-init[1024]: |                 |
[   27.896584] cloud-init[1024]: |      o... ..    |
[   27.903211] cloud-init[1024]: |     ..o=.*.oo . |
[   27.920805] cloud-init[1024]: |     .E= *.*  +  |
[   27.925060] cloud-init[1024]: |    . o S +   B. |
[   27.936936] cloud-init[1024]: |     . o   oo%oo |
[   27.953036] cloud-init[1024]: |      o o  .B==  |
[   27.968668] cloud-init[1024]: |     . +    .*.+ |
[   27.992474] cloud-init[1024]: |      .     .oB..|
[   27.998907] cloud-init[1024]: +----[SHA256]-----+
[[0;32m  OK  [0m] Started Pollinate to seed the pseudo random number generator.
         Starting OpenBSD Secure Shell server...
[[0;32m  OK  [0m] Started OpenBSD Secure Shell server.
[[0;32m  OK  [0m] Reached target Multi-User System.
         Starting Notify bootloader that boot was successful...
[[0;32m  OK  [0m] Reached target Graphical Interface.
         Starting Update UTMP about System Runlevel Changes...
[[0;32m  OK  [0m] Started Notify bootloader that boot was successful.
[[0;32m  OK  [0m] Started Update UTMP about System Runlevel Changes.
[   63.172340] cloud-init[1132]: Generating locales (this might take a while)...

Ubuntu 16.04.1 LTS ubuntu-xenial ttyS0

ubuntu-xenial login: [   64.318973] cloud-init[1132]:   en_US.UTF-8... done
[   64.320688] cloud-init[1132]: Generation complete.
[   64.909361] cloud-init[1132]: Cloud-init v. 0.7.8 running 'modules:config' at Mon, 21 Nov 2016 22:26:46 +0000. Up 26.42 seconds.
ci-info: no authorized ssh keys fingerprints found for user ubuntu.
<14>Nov 21 22:27:25 ec2: 
<14>Nov 21 22:27:25 ec2: #############################################################
<14>Nov 21 22:27:25 ec2: -----BEGIN SSH HOST KEY FINGERPRINTS-----
<14>Nov 21 22:27:25 ec2: 1024 SHA256:Tl2wEFeH9vzpWWY2SGga74fZett98tmnu/RC4gYkJgM root@ubuntu-xenial (DSA)
<14>Nov 21 22:27:25 ec2: 256 SHA256:SG5pvpzT0KoBJiIfI/06fEHD+eAfJnGzrK9/XrXuIxg root@ubuntu-xenial (ECDSA)
<14>Nov 21 22:27:25 ec2: 256 SHA256:zTTHMspu4gE9JZ12+59Ei+WkXDo1ru2Na2CnFZygILY root@ubuntu-xenial (ED25519)
<14>Nov 21 22:27:25 ec2: 2048 SHA256:IDw1w7Awn5L3nRqB54EfXWSXARsq9yZByUzEOKlmczM root@ubuntu-xenial (RSA)
<14>Nov 21 22:27:25 ec2: -----END SSH HOST KEY FINGERPRINTS-----
<14>Nov 21 22:27:25 ec2: #############################################################
-----BEGIN SSH HOST KEY KEYS-----
ecdsa-sha2-nistp256 AAAAE2VjZHNhLXNoYTItbmlzdHAyNTYAAAAIbmlzdHAyNTYAAABBBFK/eLlD+3diICenGuM3C0eTga/jeWd1Rsb5iHrhf6kxpaLzR5Cn4dyDsyN+TN3Y4qNC6j/kNgSFXztQ2fx51Es= root@ubuntu-xenial
ssh-ed25519 AAAAC3NzaC1lZDI1NTE5AAAAIMn3D6DVp3QNd8KpEvFlqq4AF8t1+nEGPwaEDCIvb6Nw root@ubuntu-xenial
ssh-rsa AAAAB3NzaC1yc2EAAAADAQABAAABAQCu3OjuJ+OE0Np4bKCijm7alcO6v6SidUC4rPIRJLDZ9zAfLHXOg6oFTiLox+oXX10+J+/2u9qyyfLl5L5gqqnqWAVo8Bom/E+a0QiTOIoGFUJA+zcPU4gzcDXPKV2QGiaWY5kngdOq4N1UhGPMUeb+OcKfIyk+MbJJmU13sC3sR1q3iA2vClSd2feoBQZ6fcJlX06E9DtUj6cEyO1I0emELNZcLcV8GE2d4XdPCdNIDWQxI0oWhipFO68nY2xWC6+q+2do9KNgEyvtTG7rH24vLv0StLRP3H5hKtKaVE8/5eg3nWC6JfAWe831Fn74Xs7EIb4RKmcraCUyvEh9rcLb root@ubuntu-xenial
-----END SSH HOST KEY KEYS-----
[   65.643140] cloud-init[1640]: Cloud-init v. 0.7.8 running 'modules:final' at Mon, 21 Nov 2016 22:27:25 +0000. Up 65.45 seconds.
[   65.643407] cloud-init[1640]: ci-info: no authorized ssh keys fingerprints found for user ubuntu.
[   65.647685] cloud-init[1640]: Cloud-init v. 0.7.8 finished at Mon, 21 Nov 2016 22:27:25 +0000. Datasource DataSourceNoCloud [seed=/dev/sdb][dsmode=net].  Up 65.62 seconds
